C51 COMPILER V6.20c  DISP                                                                  02/20/2014 12:52:17 PAGE 1   


C51 COMPILER V6.20c, COMPILATION OF MODULE DISP
OBJECT MODULE PLACED IN disp.OBJ
COMPILER INVOKED BY: C:\Keil\C51\BIN\C51.EXE disp.h DEBUG OBJECTEXTEND CODE LISTINCLUDE SYMBOLS

stmt level    source

   1          /**
   2           * @file: helloworld.h
   3           *
   4           * Copyright (c) 2009 MPOR
   5           *
   6           * @brief: This file is a header of the disp.lib library for 4x20 display
   7           *
   8           * @version $Revision: 2.0 $ $Name:  $ 
   9           *
  10           * @date: 2009-12-13
  11           * 
  12           * Compiler: uVision2 V2.20a
  13           */
  14          
  15          /* moves cursor to the new position [x, y]*/
  16          void gotoxy(unsigned char x, unsigned char y);
  17          
  18          /* initializes display */
  19          void disp_init(void);
  20          
  21          /* overriden standard output*/
  22          char putchar(char ch);
  23          
  24          /* clears display content and moves cursor to the original position */
  25          void clrscr(void);
C51 COMPILER V6.20c  DISP                                                                  02/20/2014 12:52:17 PAGE 2   

ASSEMBLY LISTING OF GENERATED OBJECT CODE


C51 COMPILER V6.20c  DISP                                                                  02/20/2014 12:52:17 PAGE 3   

NAME                                    CLASS   MSPACE  TYPE    OFFSET  SIZE
====                                    =====   ======  ====    ======  ====




MODULE INFORMATION:   STATIC OVERLAYABLE
   CODE SIZE        =   ----    ----
   CONSTANT SIZE    =   ----    ----
   XDATA SIZE       =   ----    ----
   PDATA SIZE       =   ----    ----
   DATA SIZE        =   ----    ----
   IDATA SIZE       =   ----    ----
   BIT SIZE         =   ----    ----
END OF MODULE INFORMATION.


C51 COMPILATION COMPLETE.  0 WARNING(S),  0 ERROR(S)
